
PROGRAM "C:\Users\guantong.xu\Desktop\20211203基线程序\Paris-T4-HW04-SW06-20211203-P00-1788-源代码\bin\Project.abs"

*********************************************************************************************
TARGET SECTION
---------------------------------------------------------------------------------------------
Processor   : Freescale HC12
Memory Model: BANKED
File Format : ELF\DWARF 2.0
Linker      : SmartLinker V-5.0.40 Build 10203, Jul 23 2010

*********************************************************************************************
FILE SECTION
---------------------------------------------------------------------------------------------
mc9s12hy64.c.o                          Model: BANKED,        Lang: ANSI-C
Start12.c.o                             Model: BANKED,        Lang: ANSI-C
MATH.C.o (ansibf.lib)                   Model: BANKED,        Lang: ANSI-C
STRING.C.o (ansibf.lib)                 Model: BANKED,        Lang: ANSI-C
DADD.C.o (ansibf.lib)                   Model: BANKED,        Lang: ANSI-C
DANSI.C.o (ansibf.lib)                  Model: BANKED,        Lang: ANSI-C
DCMP.C.o (ansibf.lib)                   Model: BANKED,        Lang: ANSI-C
DCONV.C.o (ansibf.lib)                  Model: BANKED,        Lang: ANSI-C
DMUL.C.o (ansibf.lib)                   Model: BANKED,        Lang: ANSI-C
DREGS.C.o (ansibf.lib)                  Model: BANKED,        Lang: ANSI-C
rtshc12.c.o (ansibf.lib)                Model: BANKED,        Lang: ANSI-C
VREGS.C.o (ansibf.lib)                  Model: BANKED,        Lang: ANSI-C
app.c.o                                 Model: BANKED,        Lang: ANSI-C
atd.c.o                                 Model: BANKED,        Lang: ANSI-C
can.c.o                                 Model: BANKED,        Lang: ANSI-C
cpu.c.o                                 Model: BANKED,        Lang: ANSI-C
datapage.c.o                            Model: BANKED,        Lang: ANSI-C
digital.c.o                             Model: BANKED,        Lang: ANSI-C
flash.c.o                               Model: BANKED,        Lang: ANSI-C
lcd.c.o                                 Model: BANKED,        Lang: ANSI-C
led.c.o                                 Model: BANKED,        Lang: ANSI-C
smc_motor.c.o                           Model: BANKED,        Lang: ANSI-C
tim1_capture.c.o                        Model: BANKED,        Lang: ANSI-C
time.c.o                                Model: BANKED,        Lang: ANSI-C
vehicle.c.o                             Model: BANKED,        Lang: ANSI-C
uart.c.o                                Model: BANKED,        Lang: ANSI-C
buzzer.c.o                              Model: BANKED,        Lang: ANSI-C
algorithm.c.o                           Model: BANKED,        Lang: ANSI-C
fontImage.c.o                           Model: BANKED,        Lang: ANSI-C
character.c.o                           Model: BANKED,        Lang: ANSI-C
update.c.o                              Model: BANKED,        Lang: ANSI-C
eeprom.c.o                              Model: BANKED,        Lang: ANSI-C

*********************************************************************************************
STARTUP SECTION
---------------------------------------------------------------------------------------------
Entry point: 0xC000 (_Startup)
_startupData is allocated at 0xC00B and uses 6 Bytes
extern struct _tagStartup {
  unsigned nofZeroOut     1
  _Range   pZeroOut       0x3100     2694
  _Copy    *toCopyDownBeg 0x2E97
} _startupData;

*********************************************************************************************
SECTION-ALLOCATION SECTION
Section Name                    Size  Type     From       To       Segment
---------------------------------------------------------------------------------------------
.init                             11     R     0xC000     0xC00A   ROM_C000
.startData                        10     R     0xC00B     0xC014   ROM_C000
.rodata                         1422     R     0xC015     0xC5A2   ROM_C000
NON_BANKED                      3099     R     0x1DB6     0x29D0   ROM_1400
.copy                             39     R     0x2E97     0x2EBD   ROM_1400
.text                           4947     R    0xC8000    0xC9352   PAGE_0C
.stack                           256   R/W     0x3000     0x30FF   RAM
.data                            100   R/W     0x3100     0x3163   RAM
.abs_section_b                     1   N/I        0xB        0xB   .absSeg0
.abs_section_c                     1   N/I        0xC        0xC   .absSeg1
.abs_section_d                     1   N/I        0xD        0xD   .absSeg2
.abs_section_11                    1   N/I       0x11       0x11   .absSeg3
.abs_section_15                    1   N/I       0x15       0x15   .absSeg4
.abs_section_1c                    1   N/I       0x1C       0x1C   .absSeg5
.abs_section_1e                    1   N/I       0x1E       0x1E   .absSeg6
.abs_section_20                    1   N/I       0x20       0x20   .absSeg7
.abs_section_21                    1   N/I       0x21       0x21   .absSeg8
.abs_section_22                    1   N/I       0x22       0x22   .absSeg9
.abs_section_23                    1   N/I       0x23       0x23   .absSeg10
.abs_section_26                    1   N/I       0x26       0x26   .absSeg11
.abs_section_27                    1   N/I       0x27       0x27   .absSeg12
.abs_section_28                    1   N/I       0x28       0x28   .absSeg13
.abs_section_29                    1   N/I       0x29       0x29   .absSeg14
.abs_section_2a                    1   N/I       0x2A       0x2A   .absSeg15
.abs_section_2b                    1   N/I       0x2B       0x2B   .absSeg16
.abs_section_2c                    1   N/I       0x2C       0x2C   .absSeg17
.abs_section_2d                    1   N/I       0x2D       0x2D   .absSeg18
.abs_section_2e                    1   N/I       0x2E       0x2E   .absSeg19
.abs_section_2f                    1   N/I       0x2F       0x2F   .absSeg20
.abs_section_34                    1   N/I       0x34       0x34   .absSeg21
.abs_section_35                    1   N/I       0x35       0x35   .absSeg22
.abs_section_36                    1   N/I       0x36       0x36   .absSeg23
.abs_section_37                    1   N/I       0x37       0x37   .absSeg24
.abs_section_38                    1   N/I       0x38       0x38   .absSeg25
.abs_section_39                    1   N/I       0x39       0x39   .absSeg26
.abs_section_3a                    1   N/I       0x3A       0x3A   .absSeg27
.abs_section_3b                    1   N/I       0x3B       0x3B   .absSeg28
.abs_section_3c                    1   N/I       0x3C       0x3C   .absSeg29
.abs_section_3f                    1   N/I       0x3F       0x3F   .absSeg30
.abs_section_40                    1   N/I       0x40       0x40   .absSeg31
.abs_section_41                    1   N/I       0x41       0x41   .absSeg32
.abs_section_42                    1   N/I       0x42       0x42   .absSeg33
.abs_section_43                    1   N/I       0x43       0x43   .absSeg34
.abs_section_46                    1   N/I       0x46       0x46   .absSeg35
.abs_section_47                    1   N/I       0x47       0x47   .absSeg36
.abs_section_48                    1   N/I       0x48       0x48   .absSeg37
.abs_section_49                    1   N/I       0x49       0x49   .absSeg38
.abs_section_4a                    1   N/I       0x4A       0x4A   .absSeg39
.abs_section_4b                    1   N/I       0x4B       0x4B   .absSeg40
.abs_section_4c                    1   N/I       0x4C       0x4C   .absSeg41
.abs_section_4d                    1   N/I       0x4D       0x4D   .absSeg42
.abs_section_4e                    1   N/I       0x4E       0x4E   .absSeg43
.abs_section_4f                    1   N/I       0x4F       0x4F   .absSeg44
.abs_section_60                    1   N/I       0x60       0x60   .absSeg45
.abs_section_61                    1   N/I       0x61       0x61   .absSeg46
.abs_section_6c                    1   N/I       0x6C       0x6C   .absSeg47
.abs_section_6e                    1   N/I       0x6E       0x6E   .absSeg48
.abs_section_76                    1   N/I       0x76       0x76   .absSeg49
.abs_section_a0                    1   N/I       0xA0       0xA0   .absSeg50
.abs_section_a1                    1   N/I       0xA1       0xA1   .absSeg51
.abs_section_a2                    1   N/I       0xA2       0xA2   .absSeg52
.abs_section_a3                    1   N/I       0xA3       0xA3   .absSeg53
.abs_section_a4                    1   N/I       0xA4       0xA4   .absSeg54
.abs_section_a5                    1   N/I       0xA5       0xA5   .absSeg55
.abs_section_a8                    1   N/I       0xA8       0xA8   .absSeg56
.abs_section_a9                    1   N/I       0xA9       0xA9   .absSeg57
.abs_section_c4                    1   N/I       0xC4       0xC4   .absSeg58
.abs_section_ca                    1   N/I       0xCA       0xCA   .absSeg59
.abs_section_cb                    1   N/I       0xCB       0xCB   .absSeg60
.abs_section_cc                    1   N/I       0xCC       0xCC   .absSeg61
.abs_section_cd                    1   N/I       0xCD       0xCD   .absSeg62
.abs_section_ce                    1   N/I       0xCE       0xCE   .absSeg63
.abs_section_cf                    1   N/I       0xCF       0xCF   .absSeg64
.abs_section_d8                    1   N/I       0xD8       0xD8   .absSeg65
.abs_section_d9                    1   N/I       0xD9       0xD9   .absSeg66
.abs_section_da                    1   N/I       0xDA       0xDA   .absSeg67
.abs_section_db                    1   N/I       0xDB       0xDB   .absSeg68
.abs_section_e0                    1   N/I       0xE0       0xE0   .absSeg69
.abs_section_e1                    1   N/I       0xE1       0xE1   .absSeg70
.abs_section_e2                    1   N/I       0xE2       0xE2   .absSeg71
.abs_section_e3                    1   N/I       0xE3       0xE3   .absSeg72
.abs_section_e4                    1   N/I       0xE4       0xE4   .absSeg73
.abs_section_e5                    1   N/I       0xE5       0xE5   .absSeg74
.abs_section_100                   1   N/I      0x100      0x100   .absSeg75
.abs_section_101                   1   N/I      0x101      0x101   .absSeg76
.abs_section_102                   1   N/I      0x102      0x102   .absSeg77
.abs_section_104                   1   N/I      0x104      0x104   .absSeg78
.abs_section_105                   1   N/I      0x105      0x105   .absSeg79
.abs_section_106                   1   N/I      0x106      0x106   .absSeg80
.abs_section_107                   1   N/I      0x107      0x107   .absSeg81
.abs_section_108                   1   N/I      0x108      0x108   .absSeg82
.abs_section_109                   1   N/I      0x109      0x109   .absSeg83
.abs_section_110                   1   N/I      0x110      0x110   .absSeg84
.abs_section_120                   1   N/I      0x120      0x120   .absSeg85
.abs_section_140                   1   N/I      0x140      0x140   .absSeg86
.abs_section_141                   1   N/I      0x141      0x141   .absSeg87
.abs_section_142                   1   N/I      0x142      0x142   .absSeg88
.abs_section_143                   1   N/I      0x143      0x143   .absSeg89
.abs_section_144                   1   N/I      0x144      0x144   .absSeg90
.abs_section_145                   1   N/I      0x145      0x145   .absSeg91
.abs_section_146                   1   N/I      0x146      0x146   .absSeg92
.abs_section_147                   1   N/I      0x147      0x147   .absSeg93
.abs_section_148                   1   N/I      0x148      0x148   .absSeg94
.abs_section_149                   1   N/I      0x149      0x149   .absSeg95
.abs_section_14a                   1   N/I      0x14A      0x14A   .absSeg96
.abs_section_14b                   1   N/I      0x14B      0x14B   .absSeg97
.abs_section_14d                   1   N/I      0x14D      0x14D   .absSeg98
.abs_section_14e                   1   N/I      0x14E      0x14E   .absSeg99
.abs_section_14f                   1   N/I      0x14F      0x14F   .absSeg100
.abs_section_150                   1   N/I      0x150      0x150   .absSeg101
.abs_section_151                   1   N/I      0x151      0x151   .absSeg102
.abs_section_152                   1   N/I      0x152      0x152   .absSeg103
.abs_section_153                   1   N/I      0x153      0x153   .absSeg104
.abs_section_154                   1   N/I      0x154      0x154   .absSeg105
.abs_section_155                   1   N/I      0x155      0x155   .absSeg106
.abs_section_156                   1   N/I      0x156      0x156   .absSeg107
.abs_section_157                   1   N/I      0x157      0x157   .absSeg108
.abs_section_158                   1   N/I      0x158      0x158   .absSeg109
.abs_section_159                   1   N/I      0x159      0x159   .absSeg110
.abs_section_15a                   1   N/I      0x15A      0x15A   .absSeg111
.abs_section_15b                   1   N/I      0x15B      0x15B   .absSeg112
.abs_section_15c                   1   N/I      0x15C      0x15C   .absSeg113
.abs_section_15d                   1   N/I      0x15D      0x15D   .absSeg114
.abs_section_15e                   1   N/I      0x15E      0x15E   .absSeg115
.abs_section_15f                   1   N/I      0x15F      0x15F   .absSeg116
.abs_section_160                   1   N/I      0x160      0x160   .absSeg117
.abs_section_161                   1   N/I      0x161      0x161   .absSeg118
.abs_section_162                   1   N/I      0x162      0x162   .absSeg119
.abs_section_163                   1   N/I      0x163      0x163   .absSeg120
.abs_section_164                   1   N/I      0x164      0x164   .absSeg121
.abs_section_165                   1   N/I      0x165      0x165   .absSeg122
.abs_section_166                   1   N/I      0x166      0x166   .absSeg123
.abs_section_167                   1   N/I      0x167      0x167   .absSeg124
.abs_section_168                   1   N/I      0x168      0x168   .absSeg125
.abs_section_169                   1   N/I      0x169      0x169   .absSeg126
.abs_section_16a                   1   N/I      0x16A      0x16A   .absSeg127
.abs_section_16b                   1   N/I      0x16B      0x16B   .absSeg128
.abs_section_16c                   1   N/I      0x16C      0x16C   .absSeg129
.abs_section_170                   1   N/I      0x170      0x170   .absSeg130
.abs_section_171                   1   N/I      0x171      0x171   .absSeg131
.abs_section_172                   1   N/I      0x172      0x172   .absSeg132
.abs_section_173                   1   N/I      0x173      0x173   .absSeg133
.abs_section_174                   1   N/I      0x174      0x174   .absSeg134
.abs_section_175                   1   N/I      0x175      0x175   .absSeg135
.abs_section_176                   1   N/I      0x176      0x176   .absSeg136
.abs_section_177                   1   N/I      0x177      0x177   .absSeg137
.abs_section_178                   1   N/I      0x178      0x178   .absSeg138
.abs_section_179                   1   N/I      0x179      0x179   .absSeg139
.abs_section_17a                   1   N/I      0x17A      0x17A   .absSeg140
.abs_section_17b                   1   N/I      0x17B      0x17B   .absSeg141
.abs_section_17c                   1   N/I      0x17C      0x17C   .absSeg142
.abs_section_17d                   1   N/I      0x17D      0x17D   .absSeg143
.abs_section_1c0                   1   N/I      0x1C0      0x1C0   .absSeg144
.abs_section_1c1                   1   N/I      0x1C1      0x1C1   .absSeg145
.abs_section_1d0                   1   N/I      0x1D0      0x1D0   .absSeg146
.abs_section_1d1                   1   N/I      0x1D1      0x1D1   .absSeg147
.abs_section_1d2                   1   N/I      0x1D2      0x1D2   .absSeg148
.abs_section_1d3                   1   N/I      0x1D3      0x1D3   .absSeg149
.abs_section_1d4                   1   N/I      0x1D4      0x1D4   .absSeg150
.abs_section_1d5                   1   N/I      0x1D5      0x1D5   .absSeg151
.abs_section_1d6                   1   N/I      0x1D6      0x1D6   .absSeg152
.abs_section_1d7                   1   N/I      0x1D7      0x1D7   .absSeg153
.abs_section_200                   1   N/I      0x200      0x200   .absSeg154
.abs_section_201                   1   N/I      0x201      0x201   .absSeg155
.abs_section_202                   1   N/I      0x202      0x202   .absSeg156
.abs_section_203                   1   N/I      0x203      0x203   .absSeg157
.abs_section_204                   1   N/I      0x204      0x204   .absSeg158
.abs_section_205                   1   N/I      0x205      0x205   .absSeg159
.abs_section_206                   1   N/I      0x206      0x206   .absSeg160
.abs_section_208                   1   N/I      0x208      0x208   .absSeg161
.abs_section_209                   1   N/I      0x209      0x209   .absSeg162
.abs_section_20a                   1   N/I      0x20A      0x20A   .absSeg163
.abs_section_20b                   1   N/I      0x20B      0x20B   .absSeg164
.abs_section_20c                   1   N/I      0x20C      0x20C   .absSeg165
.abs_section_20d                   1   N/I      0x20D      0x20D   .absSeg166
.abs_section_20e                   1   N/I      0x20E      0x20E   .absSeg167
.abs_section_20f                   1   N/I      0x20F      0x20F   .absSeg168
.abs_section_210                   1   N/I      0x210      0x210   .absSeg169
.abs_section_211                   1   N/I      0x211      0x211   .absSeg170
.abs_section_212                   1   N/I      0x212      0x212   .absSeg171
.abs_section_213                   1   N/I      0x213      0x213   .absSeg172
.abs_section_214                   1   N/I      0x214      0x214   .absSeg173
.abs_section_215                   1   N/I      0x215      0x215   .absSeg174
.abs_section_216                   1   N/I      0x216      0x216   .absSeg175
.abs_section_217                   1   N/I      0x217      0x217   .absSeg176
.abs_section_218                   1   N/I      0x218      0x218   .absSeg177
.abs_section_219                   1   N/I      0x219      0x219   .absSeg178
.abs_section_21a                   1   N/I      0x21A      0x21A   .absSeg179
.abs_section_21b                   1   N/I      0x21B      0x21B   .absSeg180
.abs_section_240                   1   N/I      0x240      0x240   .absSeg181
.abs_section_241                   1   N/I      0x241      0x241   .absSeg182
.abs_section_242                   1   N/I      0x242      0x242   .absSeg183
.abs_section_243                   1   N/I      0x243      0x243   .absSeg184
.abs_section_244                   1   N/I      0x244      0x244   .absSeg185
.abs_section_245                   1   N/I      0x245      0x245   .absSeg186
.abs_section_247                   1   N/I      0x247      0x247   .absSeg187
.abs_section_248                   1   N/I      0x248      0x248   .absSeg188
.abs_section_249                   1   N/I      0x249      0x249   .absSeg189
.abs_section_24a                   1   N/I      0x24A      0x24A   .absSeg190
.abs_section_24b                   1   N/I      0x24B      0x24B   .absSeg191
.abs_section_24c                   1   N/I      0x24C      0x24C   .absSeg192
.abs_section_24d                   1   N/I      0x24D      0x24D   .absSeg193
.abs_section_24e                   1   N/I      0x24E      0x24E   .absSeg194
.abs_section_24f                   1   N/I      0x24F      0x24F   .absSeg195
.abs_section_258                   1   N/I      0x258      0x258   .absSeg196
.abs_section_259                   1   N/I      0x259      0x259   .absSeg197
.abs_section_25a                   1   N/I      0x25A      0x25A   .absSeg198
.abs_section_25b                   1   N/I      0x25B      0x25B   .absSeg199
.abs_section_25c                   1   N/I      0x25C      0x25C   .absSeg200
.abs_section_25d                   1   N/I      0x25D      0x25D   .absSeg201
.abs_section_260                   1   N/I      0x260      0x260   .absSeg202
.abs_section_261                   1   N/I      0x261      0x261   .absSeg203
.abs_section_262                   1   N/I      0x262      0x262   .absSeg204
.abs_section_263                   1   N/I      0x263      0x263   .absSeg205
.abs_section_264                   1   N/I      0x264      0x264   .absSeg206
.abs_section_265                   1   N/I      0x265      0x265   .absSeg207
.abs_section_266                   1   N/I      0x266      0x266   .absSeg208
.abs_section_271                   1   N/I      0x271      0x271   .absSeg209
.abs_section_273                   1   N/I      0x273      0x273   .absSeg210
.abs_section_275                   1   N/I      0x275      0x275   .absSeg211
.abs_section_277                   1   N/I      0x277      0x277   .absSeg212
.abs_section_280                   1   N/I      0x280      0x280   .absSeg213
.abs_section_281                   1   N/I      0x281      0x281   .absSeg214
.abs_section_282                   1   N/I      0x282      0x282   .absSeg215
.abs_section_283                   1   N/I      0x283      0x283   .absSeg216
.abs_section_284                   1   N/I      0x284      0x284   .absSeg217
.abs_section_285                   1   N/I      0x285      0x285   .absSeg218
.abs_section_286                   1   N/I      0x286      0x286   .absSeg219
.abs_section_288                   1   N/I      0x288      0x288   .absSeg220
.abs_section_289                   1   N/I      0x289      0x289   .absSeg221
.abs_section_28a                   1   N/I      0x28A      0x28A   .absSeg222
.abs_section_28b                   1   N/I      0x28B      0x28B   .absSeg223
.abs_section_28c                   1   N/I      0x28C      0x28C   .absSeg224
.abs_section_28d                   1   N/I      0x28D      0x28D   .absSeg225
.abs_section_28e                   1   N/I      0x28E      0x28E   .absSeg226
.abs_section_28f                   1   N/I      0x28F      0x28F   .absSeg227
.abs_section_290                   1   N/I      0x290      0x290   .absSeg228
.abs_section_291                   1   N/I      0x291      0x291   .absSeg229
.abs_section_292                   1   N/I      0x292      0x292   .absSeg230
.abs_section_294                   1   N/I      0x294      0x294   .absSeg231
.abs_section_295                   1   N/I      0x295      0x295   .absSeg232
.abs_section_296                   1   N/I      0x296      0x296   .absSeg233
.abs_section_298                   1   N/I      0x298      0x298   .absSeg234
.abs_section_299                   1   N/I      0x299      0x299   .absSeg235
.abs_section_29a                   1   N/I      0x29A      0x29A   .absSeg236
.abs_section_29c                   1   N/I      0x29C      0x29C   .absSeg237
.abs_section_29d                   1   N/I      0x29D      0x29D   .absSeg238
.abs_section_29e                   1   N/I      0x29E      0x29E   .absSeg239
.abs_section_2a0                   1   N/I      0x2A0      0x2A0   .absSeg240
.abs_section_2a1                   1   N/I      0x2A1      0x2A1   .absSeg241
.abs_section_2a2                   1   N/I      0x2A2      0x2A2   .absSeg242
.abs_section_2a3                   1   N/I      0x2A3      0x2A3   .absSeg243
.abs_section_2a6                   1   N/I      0x2A6      0x2A6   .absSeg244
.abs_section_2a7                   1   N/I      0x2A7      0x2A7   .absSeg245
.abs_section_2a8                   1   N/I      0x2A8      0x2A8   .absSeg246
.abs_section_2a9                   1   N/I      0x2A9      0x2A9   .absSeg247
.abs_section_2aa                   1   N/I      0x2AA      0x2AA   .absSeg248
.abs_section_2ab                   1   N/I      0x2AB      0x2AB   .absSeg249
.abs_section_2ac                   1   N/I      0x2AC      0x2AC   .absSeg250
.abs_section_2ad                   1   N/I      0x2AD      0x2AD   .absSeg251
.abs_section_2ae                   1   N/I      0x2AE      0x2AE   .absSeg252
.abs_section_2af                   1   N/I      0x2AF      0x2AF   .absSeg253
.abs_section_2c0                   1   N/I      0x2C0      0x2C0   .absSeg254
.abs_section_2c1                   1   N/I      0x2C1      0x2C1   .absSeg255
.abs_section_2cc                   1   N/I      0x2CC      0x2CC   .absSeg256
.abs_section_2ce                   1   N/I      0x2CE      0x2CE   .absSeg257
.abs_section_2f0                   1   N/I      0x2F0      0x2F0   .absSeg258
.abs_section_2f1                   1   N/I      0x2F1      0x2F1   .absSeg259
.abs_section_2f2                   1   N/I      0x2F2      0x2F2   .absSeg260
.abs_section_2f3                   1   N/I      0x2F3      0x2F3   .absSeg261
.abs_section_2f7                   1   N/I      0x2F7      0x2F7   .absSeg262
.abs_section_2fa                   1   N/I      0x2FA      0x2FA   .absSeg263
.abs_section_2fb                   1   N/I      0x2FB      0x2FB   .absSeg264
.abs_section_0                     2   N/I        0x0        0x1   .absSeg265
.abs_section_2                     2   N/I        0x2        0x3   .absSeg266
.abs_section_1a                    2   N/I       0x1A       0x1B   .absSeg267
.abs_section_24                    2   N/I       0x24       0x25   .absSeg268
.abs_section_44                    2   N/I       0x44       0x45   .absSeg269
.abs_section_50                    2   N/I       0x50       0x51   .absSeg270
.abs_section_52                    2   N/I       0x52       0x53   .absSeg271
.abs_section_54                    2   N/I       0x54       0x55   .absSeg272
.abs_section_56                    2   N/I       0x56       0x57   .absSeg273
.abs_section_58                    2   N/I       0x58       0x59   .absSeg274
.abs_section_5a                    2   N/I       0x5A       0x5B   .absSeg275
.abs_section_5c                    2   N/I       0x5C       0x5D   .absSeg276
.abs_section_5e                    2   N/I       0x5E       0x5F   .absSeg277
.abs_section_62                    2   N/I       0x62       0x63   .absSeg278
.abs_section_70                    2   N/I       0x70       0x71   .absSeg279
.abs_section_72                    2   N/I       0x72       0x73   .absSeg280
.abs_section_74                    2   N/I       0x74       0x75   .absSeg281
.abs_section_78                    2   N/I       0x78       0x79   .absSeg282
.abs_section_7a                    2   N/I       0x7A       0x7B   .absSeg283
.abs_section_7c                    2   N/I       0x7C       0x7D   .absSeg284
.abs_section_7e                    2   N/I       0x7E       0x7F   .absSeg285
.abs_section_80                    2   N/I       0x80       0x81   .absSeg286
.abs_section_82                    2   N/I       0x82       0x83   .absSeg287
.abs_section_84                    2   N/I       0x84       0x85   .absSeg288
.abs_section_86                    2   N/I       0x86       0x87   .absSeg289
.abs_section_88                    2   N/I       0x88       0x89   .absSeg290
.abs_section_8a                    2   N/I       0x8A       0x8B   .absSeg291
.abs_section_8c                    2   N/I       0x8C       0x8D   .absSeg292
.abs_section_8e                    2   N/I       0x8E       0x8F   .absSeg293
.abs_section_ac                    2   N/I       0xAC       0xAD   .absSeg294
.abs_section_ae                    2   N/I       0xAE       0xAF   .absSeg295
.abs_section_b0                    2   N/I       0xB0       0xB1   .absSeg296
.abs_section_b2                    2   N/I       0xB2       0xB3   .absSeg297
.abs_section_b4                    2   N/I       0xB4       0xB5   .absSeg298
.abs_section_b6                    2   N/I       0xB6       0xB7   .absSeg299
.abs_section_b8                    2   N/I       0xB8       0xB9   .absSeg300
.abs_section_ba                    2   N/I       0xBA       0xBB   .absSeg301
.abs_section_bc                    2   N/I       0xBC       0xBD   .absSeg302
.abs_section_be                    2   N/I       0xBE       0xBF   .absSeg303
.abs_section_c0                    2   N/I       0xC0       0xC1   .absSeg304
.abs_section_c2                    2   N/I       0xC2       0xC3   .absSeg305
.abs_section_c8                    2   N/I       0xC8       0xC9   .absSeg306
.abs_section_dc                    2   N/I       0xDC       0xDD   .absSeg307
.abs_section_10a                   2   N/I      0x10A      0x10B   .absSeg308
.abs_section_16e                   2   N/I      0x16E      0x16F   .absSeg309
.abs_section_17e                   2   N/I      0x17E      0x17F   .absSeg310
.abs_section_1c2                   2   N/I      0x1C2      0x1C3   .absSeg311
.abs_section_1e0                   2   N/I      0x1E0      0x1E1   .absSeg312
.abs_section_1e2                   2   N/I      0x1E2      0x1E3   .absSeg313
.abs_section_1e4                   2   N/I      0x1E4      0x1E5   .absSeg314
.abs_section_1e6                   2   N/I      0x1E6      0x1E7   .absSeg315
.abs_section_1e8                   2   N/I      0x1E8      0x1E9   .absSeg316
.abs_section_1ea                   2   N/I      0x1EA      0x1EB   .absSeg317
.abs_section_1ec                   2   N/I      0x1EC      0x1ED   .absSeg318
.abs_section_1ee                   2   N/I      0x1EE      0x1EF   .absSeg319
.abs_section_25e                   2   N/I      0x25E      0x25F   .absSeg320
.abs_section_2a4                   2   N/I      0x2A4      0x2A5   .absSeg321
.abs_section_2b0                   2   N/I      0x2B0      0x2B1   .absSeg322
.abs_section_2b2                   2   N/I      0x2B2      0x2B3   .absSeg323
.abs_section_2b4                   2   N/I      0x2B4      0x2B5   .absSeg324
.abs_section_2b6                   2   N/I      0x2B6      0x2B7   .absSeg325
.abs_section_2b8                   2   N/I      0x2B8      0x2B9   .absSeg326
.abs_section_2ba                   2   N/I      0x2BA      0x2BB   .absSeg327
.abs_section_2bc                   2   N/I      0x2BC      0x2BD   .absSeg328
.abs_section_2be                   2   N/I      0x2BE      0x2BF   .absSeg329
.abs_section_2c2                   2   N/I      0x2C2      0x2C3   .absSeg330
.abs_section_2f4                   2   N/I      0x2F4      0x2F5   .absSeg331
.abs_section_2f8                   2   N/I      0x2F8      0x2F9   .absSeg332
.abs_section_ffb2                  2     R     0xFFB2     0xFFB3   .absSeg333
.abs_section_ffee                  2     R     0xFFEE     0xFFEF   .absSeg334
.abs_section_ffea                  2     R     0xFFEA     0xFFEB   .absSeg335
.abs_section_ffae                  2     R     0xFFAE     0xFFAF   .absSeg336
.abs_section_ffaa                  2     R     0xFFAA     0xFFAB   .absSeg337
.abs_section_ffe4                  2     R     0xFFE4     0xFFE5   .absSeg338
.abs_section_ffa2                  2     R     0xFFA2     0xFFA3   .absSeg339
.abs_section_ff9e                  2     R     0xFF9E     0xFF9F   .absSeg340
.abs_section_ffe6                  2     R     0xFFE6     0xFFE7   .absSeg341
.abs_section_ffd6                  2     R     0xFFD6     0xFFD7   .absSeg342
.bss                             301   R/W     0x3164     0x3290   RAM
.common                         2293   R/W     0x3291     0x3B85   RAM
ROM_1400_343                    2486     R     0x1400     0x1DB5   ROM_1400
PAGE_0C_B000_344                4031     R    0xCB000    0xCBFBE   PAGE_0C_B000
PAGE_0E_345                    16373     R    0xE8000    0xEBFF4   PAGE_0E
ROM_1400_346                    1222     R     0x29D1     0x2E96   ROM_1400
.vectSeg347_vect                   6     R     0xFFFA     0xFFFF   .vectSeg347

Summary of section sizes per section type:
READ_ONLY (R):        8382 (dec:    33666)
READ_WRITE (R/W):      B86 (dec:     2950)
NO_INIT (N/I):         191 (dec:      401)

*********************************************************************************************
VECTOR-ALLOCATION SECTION
    Address     InitValue   InitFunction
---------------------------------------------------------------------------------------------
     0xFFFA        0xC000   _Startup
     0xFFFC        0xC000   _Startup
     0xFFFE        0xC000   _Startup

*********************************************************************************************
OBJECT-ALLOCATION SECTION
     Name               Module                 Addr   hSize   dSize     Ref    Section   RLIB
---------------------------------------------------------------------------------------------
MODULE:                 -- mc9s12hy64.c.o --
- PROCEDURES:
- VARIABLES:
     _MODE                                        B       1       1       0   .abs_section_b
     _PUCR                                        C       1       1       0   .abs_section_c
     _RDRIV                                       D       1       1       0   .abs_section_d
     _DIRECT                                     11       1       1       0   .abs_section_11
     _PPAGE                                      15       1       1       0   .abs_section_15
     _ECLKCTL                                    1C       1       1       0   .abs_section_1c
     _IRQCR                                      1E       1       1       0   .abs_section_1e
     _DBGC1                                      20       1       1       0   .abs_section_20
     _DBGSR                                      21       1       1       0   .abs_section_21
     _DBGTCR                                     22       1       1       0   .abs_section_22
     _DBGC2                                      23       1       1       0   .abs_section_23
     _DBGCNT                                     26       1       1       0   .abs_section_26
     _DBGSCRX                                    27       1       1       0   .abs_section_27
     _DBGXCTL                                    28       1       1       0   .abs_section_28
     _DBGXAH                                     29       1       1       0   .abs_section_29
     _DBGXAM                                     2A       1       1       0   .abs_section_2a
     _DBGXAL                                     2B       1       1       0   .abs_section_2b
     _DBGADH                                     2C       1       1       0   .abs_section_2c
     _DBGADL                                     2D       1       1       0   .abs_section_2d
     _DBGADHM                                    2E       1       1       0   .abs_section_2e
     _DBGADLM                                    2F       1       1       0   .abs_section_2f
     _CPMUSYNR                                   34       1       1       5   .abs_section_34
     _CPMUREFDIV                                 35       1       1       1   .abs_section_35
     _CPMUPOSTDIV                                36       1       1       1   .abs_section_36
     _CPMUFLG                                    37       1       1       3   .abs_section_37
     _CPMUINT                                    38       1       1       0   .abs_section_38
     _CPMUCLKS                                   39       1       1       1   .abs_section_39
     _CPMUPLL                                    3A       1       1       0   .abs_section_3a
     _CPMURTI                                    3B       1       1       0   .abs_section_3b
     _CPMUCOP                                    3C       1       1       1   .abs_section_3c
     _CPMUARMCOP                                 3F       1       1      15   .abs_section_3f
     _TIM0_TIOS                                  40       1       1       5   .abs_section_40
     _TIM0_CFORC                                 41       1       1       0   .abs_section_41
     _TIM0_OC7M                                  42       1       1       0   .abs_section_42
     _TIM0_OC7D                                  43       1       1       0   .abs_section_43
     _TIM0_TSCR1                                 46       1       1       3   .abs_section_46
     _TIM0_TTOV                                  47       1       1       0   .abs_section_47
     _TIM0_TCTL1                                 48       1       1       1   .abs_section_48
     _TIM0_TCTL2                                 49       1       1       2   .abs_section_49
     _TIM0_TCTL3                                 4A       1       1       1   .abs_section_4a
     _TIM0_TCTL4                                 4B       1       1       2   .abs_section_4b
     _TIM0_TIE                                   4C       1       1       6   .abs_section_4c
     _TIM0_TSCR2                                 4D       1       1       3   .abs_section_4d
     _TIM0_TFLG1                                 4E       1       1       4   .abs_section_4e
     _TIM0_TFLG2                                 4F       1       1       0   .abs_section_4f
     _TIM0_PACTL                                 60       1       1       0   .abs_section_60
     _TIM0_PAFLG                                 61       1       1       0   .abs_section_61
     _TIM0_OCPD                                  6C       1       1       4   .abs_section_6c
     _TIM0_PTPSR                                 6E       1       1       0   .abs_section_6e
     _ATDSTAT0                                   76       1       1       2   .abs_section_76
     _PWME                                       A0       1       1       1   .abs_section_a0
     _PWMPOL                                     A1       1       1       1   .abs_section_a1
     _PWMCLK                                     A2       1       1       0   .abs_section_a2
     _PWMPRCLK                                   A3       1       1       1   .abs_section_a3
     _PWMCAE                                     A4       1       1       1   .abs_section_a4
     _PWMCTL                                     A5       1       1       0   .abs_section_a5
     _PWMSCLA                                    A8       1       1       0   .abs_section_a8
     _PWMSCLB                                    A9       1       1       0   .abs_section_a9
     _PWMSDN                                     C4       1       1       0   .abs_section_c4
     _SCIACR2                                    CA       1       1       0   .abs_section_ca
     _SCICR2                                     CB       1       1       1   .abs_section_cb
     _SCISR1                                     CC       1       1       1   .abs_section_cc
     _SCISR2                                     CD       1       1       0   .abs_section_cd
     _SCIDRH                                     CE       1       1       0   .abs_section_ce
     _SCIDRL                                     CF       1       1       2   .abs_section_cf
     _SPICR1                                     D8       1       1       0   .abs_section_d8
     _SPICR2                                     D9       1       1       0   .abs_section_d9
     _SPIBR                                      DA       1       1       0   .abs_section_da
     _SPISR                                      DB       1       1       0   .abs_section_db
     _IIC_IBAD                                   E0       1       1       0   .abs_section_e0
     _IIC_IBFD                                   E1       1       1       0   .abs_section_e1
     _IIC_IBCR                                   E2       1       1       0   .abs_section_e2
     _IIC_IBSR                                   E3       1       1       0   .abs_section_e3
     _IIC_IBDR                                   E4       1       1       0   .abs_section_e4
     _IIC_IBCR2                                  E5       1       1       0   .abs_section_e5
     _FCLKDIV                                   100       1       1       2   .abs_section_100
     _FSEC                                      101       1       1       0   .abs_section_101
     _FCCOBIX                                   102       1       1       0   .abs_section_102
     _FCNFG                                     104       1       1       1   .abs_section_104
     _FERCNFG                                   105       1       1       0   .abs_section_105
     _FSTAT                                     106       1       1       1   .abs_section_106
     _FERSTAT                                   107       1       1       0   .abs_section_107
     _FPROT                                     108       1       1       0   .abs_section_108
     _DFPROT                                    109       1       1       0   .abs_section_109
     _FOPT                                      110       1       1       0   .abs_section_110
     _IVBR                                      120       1       1       0   .abs_section_120
     _CANCTL0                                   140       1       1       4   .abs_section_140
     _CANCTL1                                   141       1       1       5   .abs_section_141
     _CANBTR0                                   142       1       1       1   .abs_section_142
     _CANBTR1                                   143       1       1       1   .abs_section_143
     _CANRFLG                                   144       1       1       2   .abs_section_144
     _CANRIER                                   145       1       1       1   .abs_section_145
     _CANTFLG                                   146       1       1       3   .abs_section_146
     _CANTIER                                   147       1       1       1   .abs_section_147
     _CANTARQ                                   148       1       1       0   .abs_section_148
     _CANTAAK                                   149       1       1       0   .abs_section_149
     _CANTBSEL                                  14A       1       1       2   .abs_section_14a
     _CANIDAC                                   14B       1       1       1   .abs_section_14b
     _CANMISC                                   14D       1       1       0   .abs_section_14d
     _CANRXERR                                  14E       1       1       0   .abs_section_14e
     _CANTXERR                                  14F       1       1       0   .abs_section_14f
     _CANIDAR0                                  150       1       1       1   .abs_section_150
     _CANIDAR1                                  151       1       1       1   .abs_section_151
     _CANIDAR2                                  152       1       1       1   .abs_section_152
     _CANIDAR3                                  153       1       1       1   .abs_section_153
     _CANIDMR0                                  154       1       1       1   .abs_section_154
     _CANIDMR1                                  155       1       1       1   .abs_section_155
     _CANIDMR2                                  156       1       1       1   .abs_section_156
     _CANIDMR3                                  157       1       1       1   .abs_section_157
     _CANIDAR4                                  158       1       1       1   .abs_section_158
     _CANIDAR5                                  159       1       1       1   .abs_section_159
     _CANIDAR6                                  15A       1       1       1   .abs_section_15a
     _CANIDAR7                                  15B       1       1       1   .abs_section_15b
     _CANIDMR4                                  15C       1       1       1   .abs_section_15c
     _CANIDMR5                                  15D       1       1       1   .abs_section_15d
     _CANIDMR6                                  15E       1       1       1   .abs_section_15e
     _CANIDMR7                                  15F       1       1       1   .abs_section_15f
     _CANRXIDR0                                 160       1       1       1   .abs_section_160
     _CANRXIDR1                                 161       1       1       0   .abs_section_161
     _CANRXIDR2                                 162       1       1       0   .abs_section_162
     _CANRXIDR3                                 163       1       1       0   .abs_section_163
     _CANRXDSR0                                 164       1       1       0   .abs_section_164
     _CANRXDSR1                                 165       1       1       0   .abs_section_165
     _CANRXDSR2                                 166       1       1       0   .abs_section_166
     _CANRXDSR3                                 167       1       1       0   .abs_section_167
     _CANRXDSR4                                 168       1       1       0   .abs_section_168
     _CANRXDSR5                                 169       1       1       0   .abs_section_169
     _CANRXDSR6                                 16A       1       1       0   .abs_section_16a
     _CANRXDSR7                                 16B       1       1       0   .abs_section_16b
     _CANRXDLR                                  16C       1       1       0   .abs_section_16c
     _CANTXIDR0                                 170       1       1       2   .abs_section_170
     _CANTXIDR1                                 171       1       1       3   .abs_section_171
     _CANTXIDR2                                 172       1       1       1   .abs_section_172
     _CANTXIDR3                                 173       1       1       1   .abs_section_173
     _CANTXDSR0                                 174       1       1       1   .abs_section_174
     _CANTXDSR1                                 175       1       1       0   .abs_section_175
     _CANTXDSR2                                 176       1       1       0   .abs_section_176
     _CANTXDSR3                                 177       1       1       0   .abs_section_177
     _CANTXDSR4                                 178       1       1       0   .abs_section_178
     _CANTXDSR5                                 179       1       1       0   .abs_section_179
     _CANTXDSR6                                 17A       1       1       0   .abs_section_17a
     _CANTXDSR7                                 17B       1       1       0   .abs_section_17b
     _CANTXDLR                                  17C       1       1       1   .abs_section_17c
     _CANTXTBPR                                 17D       1       1       0   .abs_section_17d
     _MCCTL0                                    1C0       1       1       2   .abs_section_1c0
     _MCCTL1                                    1C1       1       1       1   .abs_section_1c1
     _MCCC0                                     1D0       1       1       1   .abs_section_1d0
     _MCCC1                                     1D1       1       1       1   .abs_section_1d1
     _MCCC2                                     1D2       1       1       1   .abs_section_1d2
     _MCCC3                                     1D3       1       1       1   .abs_section_1d3
     _MCCC4                                     1D4       1       1       1   .abs_section_1d4
     _MCCC5                                     1D5       1       1       1   .abs_section_1d5
     _MCCC6                                     1D6       1       1       1   .abs_section_1d6
     _MCCC7                                     1D7       1       1       1   .abs_section_1d7
     _LCDCR0                                    200       1       1       0   .abs_section_200
     _LCDCR1                                    201       1       1       0   .abs_section_201
     _FPENR0                                    202       1       1       0   .abs_section_202
     _FPENR1                                    203       1       1       0   .abs_section_203
     _FPENR2                                    204       1       1       0   .abs_section_204
     _FPENR3                                    205       1       1       0   .abs_section_205
     _FPENR4                                    206       1       1       0   .abs_section_206
     _LCDRAM0                                   208       1       1       0   .abs_section_208
     _LCDRAM1                                   209       1       1       0   .abs_section_209
     _LCDRAM2                                   20A       1       1       0   .abs_section_20a
     _LCDRAM3                                   20B       1       1       0   .abs_section_20b
     _LCDRAM4                                   20C       1       1       0   .abs_section_20c
     _LCDRAM5                                   20D       1       1       0   .abs_section_20d
     _LCDRAM6                                   20E       1       1       0   .abs_section_20e
     _LCDRAM7                                   20F       1       1       0   .abs_section_20f
     _LCDRAM8                                   210       1       1       0   .abs_section_210
     _LCDRAM9                                   211       1       1       0   .abs_section_211
     _LCDRAM10                                  212       1       1       0   .abs_section_212
     _LCDRAM11                                  213       1       1       0   .abs_section_213
     _LCDRAM12                                  214       1       1       0   .abs_section_214
     _LCDRAM13                                  215       1       1       0   .abs_section_215
     _LCDRAM14                                  216       1       1       0   .abs_section_216
     _LCDRAM15                                  217       1       1       0   .abs_section_217
     _LCDRAM16                                  218       1       1       0   .abs_section_218
     _LCDRAM17                                  219       1       1       0   .abs_section_219
     _LCDRAM18                                  21A       1       1       0   .abs_section_21a
     _LCDRAM19                                  21B       1       1       0   .abs_section_21b
     _PTT                                       240       1       1      11   .abs_section_240
     _PTIT                                      241       1       1       0   .abs_section_241
     _DDRT                                      242       1       1       1   .abs_section_242
     _RDRT                                      243       1       1       0   .abs_section_243
     _PERT                                      244       1       1       1   .abs_section_244
     _PPST                                      245       1       1       0   .abs_section_245
     _PTTRR                                     247       1       1       0   .abs_section_247
     _PTS                                       248       1       1       0   .abs_section_248
     _PTIS                                      249       1       1       0   .abs_section_249
     _DDRS                                      24A       1       1       0   .abs_section_24a
     _RDRS                                      24B       1       1       0   .abs_section_24b
     _PERS                                      24C       1       1       0   .abs_section_24c
     _PPSS                                      24D       1       1       0   .abs_section_24d
     _WOMS                                      24E       1       1       0   .abs_section_24e
     _PTSRR                                     24F       1       1       0   .abs_section_24f
     _PTP                                       258       1       1      13   .abs_section_258
     _PTIP                                      259       1       1       0   .abs_section_259
     _DDRP                                      25A       1       1       7   .abs_section_25a
     _RDRP                                      25B       1       1       0   .abs_section_25b
     _PERP                                      25C       1       1       0   .abs_section_25c
     _PPSP                                      25D       1       1       0   .abs_section_25d
     _PTH                                       260       1       1      10   .abs_section_260
     _PTIH                                      261       1       1       0   .abs_section_261
     _DDRH                                      262       1       1       4   .abs_section_262
     _RDRH                                      263       1       1       0   .abs_section_263
     _PERH                                      264       1       1       0   .abs_section_264
     _PPSH                                      265       1       1       0   .abs_section_265
     _WOMH                                      266       1       1       0   .abs_section_266
     _PT1AD                                     271       1       1       1   .abs_section_271
     _DDR1AD                                    273       1       1       1   .abs_section_273
     _RDR1AD                                    275       1       1       0   .abs_section_275
     _PER1AD                                    277       1       1       1   .abs_section_277
     _PTR                                       280       1       1      12   .abs_section_280
     _PTIR                                      281       1       1       0   .abs_section_281
     _DDRR                                      282       1       1       2   .abs_section_282
     _RDRR                                      283       1       1       0   .abs_section_283
     _PERR                                      284       1       1       0   .abs_section_284
     _PPSR                                      285       1       1       0   .abs_section_285
     _WOMR                                      286       1       1       0   .abs_section_286
     _PIET                                      288       1       1       0   .abs_section_288
     _PIFT                                      289       1       1       0   .abs_section_289
     _PIES                                      28A       1       1       0   .abs_section_28a
     _PIFS                                      28B       1       1       0   .abs_section_28b
     _PIE1AD                                    28C       1       1       1   .abs_section_28c
     _PIF1AD                                    28D       1       1       1   .abs_section_28d
     _PIER                                      28E       1       1       0   .abs_section_28e
     _PIFR                                      28F       1       1       0   .abs_section_28f
     _PTU                                       290       1       1       1   .abs_section_290
     _PTIU                                      291       1       1       0   .abs_section_291
     _DDRU                                      292       1       1       1   .abs_section_292
     _PERU                                      294       1       1       0   .abs_section_294
     _PPSU                                      295       1       1       0   .abs_section_295
     _SRRU                                      296       1       1       0   .abs_section_296
     _PTV                                       298       1       1       1   .abs_section_298
     _PTIV                                      299       1       1       0   .abs_section_299
     _DDRV                                      29A       1       1       1   .abs_section_29a
     _PERV                                      29C       1       1       0   .abs_section_29c
     _PPSV                                      29D       1       1       0   .abs_section_29d
     _SRRV                                      29E       1       1       0   .abs_section_29e
     _TIM1_TIOS                                 2A0       1       1       3   .abs_section_2a0
     _TIM1_CFORC                                2A1       1       1       0   .abs_section_2a1
     _TIM1_OC7M                                 2A2       1       1       0   .abs_section_2a2
     _TIM1_OC7D                                 2A3       1       1       0   .abs_section_2a3
     _TIM1_TSCR1                                2A6       1       1       4   .abs_section_2a6
     _TIM1_TTOV                                 2A7       1       1       0   .abs_section_2a7
     _TIM1_TCTL1                                2A8       1       1       0   .abs_section_2a8
     _TIM1_TCTL2                                2A9       1       1       2   .abs_section_2a9
     _TIM1_TCTL3                                2AA       1       1       3   .abs_section_2aa
     _TIM1_TCTL4                                2AB       1       1       2   .abs_section_2ab
     _TIM1_TIE                                  2AC       1       1       8   .abs_section_2ac
     _TIM1_TSCR2                                2AD       1       1       7   .abs_section_2ad
     _TIM1_TFLG1                                2AE       1       1       3   .abs_section_2ae
     _TIM1_TFLG2                                2AF       1       1       2   .abs_section_2af
     _TIM1_PACTL                                2C0       1       1       1   .abs_section_2c0
     _TIM1_PAFLG                                2C1       1       1       0   .abs_section_2c1
     _TIM1_OCPD                                 2CC       1       1       1   .abs_section_2cc
     _TIM1_PTPSR                                2CE       1       1       0   .abs_section_2ce
     _CPMUHTCTL                                 2F0       1       1       0   .abs_section_2f0
     _CPMULVCTL                                 2F1       1       1       0   .abs_section_2f1
     _CPMUAPICTL                                2F2       1       1       0   .abs_section_2f2
     _CPMUAPITR                                 2F3       1       1       0   .abs_section_2f3
     _CPMUHTTR                                  2F7       1       1       0   .abs_section_2f7
     _CPMUOSC                                   2FA       1       1       3   .abs_section_2fa
     _CPMUPROT                                  2FB       1       1       0   .abs_section_2fb
     _PORTAB                                      0       2       2      17   .abs_section_0
     _DDRAB                                       2       2       2       2   .abs_section_2
     _PARTID                                     1A       2       2       0   .abs_section_1a
     _DBGTB                                      24       2       2       0   .abs_section_24
     _TIM0_TCNT                                  44       2       2       5   .abs_section_44
     _TIM0_TC0                                   50       2       2       4   .abs_section_50
     _TIM0_TC1                                   52       2       2       0   .abs_section_52
     _TIM0_TC2                                   54       2       2       4   .abs_section_54
     _TIM0_TC3                                   56       2       2       0   .abs_section_56
     _TIM0_TC4                                   58       2       2       4   .abs_section_58
     _TIM0_TC5                                   5A       2       2       4   .abs_section_5a
     _TIM0_TC6                                   5C       2       2       0   .abs_section_5c
     _TIM0_TC7                                   5E       2       2       0   .abs_section_5e
     _TIM0_PACNT                                 62       2       2       0   .abs_section_62
     _ATDCTL01                                   70       2       2       3   .abs_section_70
     _ATDCTL23                                   72       2       2       1   .abs_section_72
     _ATDCTL45                                   74       2       2       4   .abs_section_74
     _ATDCMPE                                    78       2       2       0   .abs_section_78
     _ATDSTAT2                                   7A       2       2       0   .abs_section_7a
     _ATDDIEN                                    7C       2       2       3   .abs_section_7c
     _ATDCMPHT                                   7E       2       2       0   .abs_section_7e
     _ATDDR0                                     80       2       2       1   .abs_section_80
     _ATDDR1                                     82       2       2       1   .abs_section_82
     _ATDDR2                                     84       2       2       1   .abs_section_84
     _ATDDR3                                     86       2       2       1   .abs_section_86
     _ATDDR4                                     88       2       2       0   .abs_section_88
     _ATDDR5                                     8A       2       2       0   .abs_section_8a
     _ATDDR6                                     8C       2       2       0   .abs_section_8c
     _ATDDR7                                     8E       2       2       0   .abs_section_8e
     _PWMCNT01                                   AC       2       2       0   .abs_section_ac
     _PWMCNT23                                   AE       2       2       0   .abs_section_ae
     _PWMCNT45                                   B0       2       2       0   .abs_section_b0
     _PWMCNT67                                   B2       2       2       0   .abs_section_b2
     _PWMPER01                                   B4       2       2       2   .abs_section_b4
     _PWMPER23                                   B6       2       2       2   .abs_section_b6
     _PWMPER45                                   B8       2       2       0   .abs_section_b8
     _PWMPER67                                   BA       2       2       0   .abs_section_ba
     _PWMDTY01                                   BC       2       2      10   .abs_section_bc
     _PWMDTY23                                   BE       2       2      10   .abs_section_be
     _PWMDTY45                                   C0       2       2       0   .abs_section_c0
     _PWMDTY67                                   C2       2       2       0   .abs_section_c2
     _SCIBD                                      C8       2       2       0   .abs_section_c8
     _SPIDR                                      DC       2       2       0   .abs_section_dc
     _FCCOB                                     10A       2       2       0   .abs_section_10a
     _CANRXTSR                                  16E       2       2       0   .abs_section_16e
     _CANTXTSR                                  17E       2       2       0   .abs_section_17e
     _MCPER                                     1C2       2       2       1   .abs_section_1c2
     _MCDC0                                     1E0       2       2       3   .abs_section_1e0
     _MCDC1                                     1E2       2       2       3   .abs_section_1e2
     _MCDC2                                     1E4       2       2       3   .abs_section_1e4
     _MCDC3                                     1E6       2       2       3   .abs_section_1e6
     _MCDC4                                     1E8       2       2       3   .abs_section_1e8
     _MCDC5                                     1EA       2       2       3   .abs_section_1ea
     _MCDC6                                     1EC       2       2       3   .abs_section_1ec
     _MCDC7                                     1EE       2       2       3   .abs_section_1ee
     _PTPRR                                     25E       2       2       1   .abs_section_25e
     _TIM1_TCNT                                 2A4       2       2       4   .abs_section_2a4
     _TIM1_TC0                                  2B0       2       2       4   .abs_section_2b0
     _TIM1_TC1                                  2B2       2       2       0   .abs_section_2b2
     _TIM1_TC2                                  2B4       2       2       4   .abs_section_2b4
     _TIM1_TC3                                  2B6       2       2       0   .abs_section_2b6
     _TIM1_TC4                                  2B8       2       2       0   .abs_section_2b8
     _TIM1_TC5                                  2BA       2       2       0   .abs_section_2ba
     _TIM1_TC6                                  2BC       2       2       1   .abs_section_2bc
     _TIM1_TC7                                  2BE       2       2       0   .abs_section_2be
     _TIM1_PACNT                                2C2       2       2       0   .abs_section_2c2
     _CPMUAPIR                                  2F4       2       2       0   .abs_section_2f4
     _CPMUIRCTRIM                               2F8       2       2       0   .abs_section_2f8
MODULE:                 -- Start12.c.o --
- PROCEDURES:
     Init                                     C8000      29      41       2   .text       
     _Startup                                  C000       B      11       0   .init       
- VARIABLES:
     _startupData                              C00B       6       6       3   .startData  
- LABELS:
     __SEG_END_SSTACK                          3100       0       0       1               
MODULE:                 -- MATH.C.o (ansibf.lib) --
- PROCEDURES:
     copysign                                 C8029      38      56       2   .text       
     fabs                                     C8061      2C      44      10   .text       
     isint                                    C808D      52      82       6   .text       
     is_special                               C80DF      59      89       4   .text       
     pow_i                                    C8138     18B     395      17   .text       
     exp_r                                    C82C3     45C    1116      28   .text       
     log_r                                    C871F     355     853      29   .text       
     pow                                      C8A74     3A1     929      80   .text       
- VARIABLES:
     infinity                                  C015       8       8      12   .rodata     
     nan_union                                 C01D       8       8       8   .rodata     
MODULE:                 -- STRING.C.o (ansibf.lib) --
- PROCEDURES:
     memset                                   C8E15      18      24       8   .text       
- VARIABLES:
MODULE:                 -- DADD.C.o (ansibf.lib) --
- PROCEDURES:
     D_ADDKL                                   1DB6      BC     188       1   NON_BANKED  
     _DADD                                     1E72      11      17      29   NON_BANKED  
     _DSUB                                     1E83      19      25      12   NON_BANKED  
     _DNEG                                     1E9C      17      23       4   NON_BANKED  
- VARIABLES:
MODULE:                 -- DANSI.C.o (ansibf.lib) --
- PROCEDURES:
     D_MODF                                    1EB3      5D      93       1   NON_BANKED  
     D_FREXP                                   1F10      20      32       1   NON_BANKED  
     D_LDEXP                                   1F30      18      24       1   NON_BANKED  
     modf                                      1F48      1F      31       1   NON_BANKED  
     frexp                                     1F67      1F      31       1   NON_BANKED  
     RetErrDom                                 1F86      1F      31       1   NON_BANKED  
     ldexp                                     1FA5      27      39       3   NON_BANKED  
- VARIABLES:
MODULE:                 -- DCMP.C.o (ansibf.lib) --
- PROCEDURES:
     _DCMP                                     1FCC      30      48      18   NON_BANKED  
- VARIABLES:
MODULE:                 -- DCONV.C.o (ansibf.lib) --
- PROCEDURES:
     D_TOLONGK                                 1FFC      33      51       1   NON_BANKED  
     D_FRLONGK                                 202F      19      25       2   NON_BANKED  
     _DSFLOAT                                  2048      14      20      25   NON_BANKED  
     _DUFLOAT                                  205C      14      20      23   NON_BANKED  
     _DSTRUNC                                  2070      19      25       3   NON_BANKED  
     _DUTRUNC                                  2089       3       3      29   NON_BANKED  
     D_PSHK_UNARY                              208C      1E      30       2   NON_BANKED  
     D_CLRK_UNARY                              20AA       D      13       2   NON_BANKED  
     D_MAXK_UNARY                              20B7       A      10       1   NON_BANKED  
     D_NORMK_UNARY                             20C1      5C      92       1   NON_BANKED  
- VARIABLES:
MODULE:                 -- DMUL.C.o (ansibf.lib) --
- PROCEDURES:
     D_DIVKL                                   211D      F5     245       2   NON_BANKED  
     D_MULKL                                   2212      90     144       1   NON_BANKED  
     _DMUL                                     22A2      11      17      31   NON_BANKED  
     _DDIV                                     22B3      11      17      13   NON_BANKED  
- VARIABLES:
MODULE:                 -- DREGS.C.o (ansibf.lib) --
- PROCEDURES:
     D_PULK                                    22C4      29      41       6   NON_BANKED  
     D_PULL                                    22ED      25      37       4   NON_BANKED  
     D_PSHK                                    2312      23      35       3   NON_BANKED  
     D_STAL                                    2335      2A      42       4   NON_BANKED  
     D_TKL                                     235F      1C      28       2   NON_BANKED  
     D_XGKL                                    237B      39      57       2   NON_BANKED  
     D_CLRK                                    23B4      13      19       4   NON_BANKED  
     D_CLRL                                    23C7      10      16       1   NON_BANKED  
     D_MAXK                                    23D7       A      10       2   NON_BANKED  
     D_NORMK                                   23E1      8F     143       6   NON_BANKED  
- VARIABLES:
MODULE:                 -- rtshc12.c.o (ansibf.lib) --
- PROCEDURES:
     _BSHL                                     2470       8       8       7   NON_BANKED  
     _BSHRU                                    2478       8       8       6   NON_BANKED  
     _BDIVMODU                                 2480       A      10       7   NON_BANKED  
     _ISHRU                                    248A       B      11       1   NON_BANKED  
     _LSHL                                     2495      11      17       6   NON_BANKED  
     _LSHRU                                    24A6      11      17       2   NON_BANKED  
     _LCMP                                     24B7      19      25      17   NON_BANKED  
     _LCMP_P                                   24D0      15      21       5   NON_BANKED  
     _LNEG                                     24E5       D      13       1   NON_BANKED  
     _LCOM                                     24F2       9       9       4   NON_BANKED  
     _LINC                                     24FB       5       5       6   NON_BANKED  
     _LDEC                                     2500       8       8       2   NON_BANKED  
     _LMULU16x32                               2508       F      15       6   NON_BANKED  
     _LMULS16x32                               2517      1F      31       1   NON_BANKED  
     _lDivMod                                  2536      BE     190       2   NON_BANKED  
     _LDIVU                                    25F4       E      14      17   NON_BANKED  
     _NEG_P                                    2602       F      15       1   NON_BANKED  
     _LMODU                                    2611      11      17      12   NON_BANKED  
     _ILSEXT                                   2622       7       7      26   NON_BANKED  
     _COPY                                     2629       8       8      30   NON_BANKED  
     _CASE_CHECKED                             2631       B      11       3   NON_BANKED  
     _CASE_CHECKED_BYTE                        263C      14      20      14   NON_BANKED  
     _CASE_SEARCH_8_BYTE                       2650      1A      26       1   NON_BANKED  
- VARIABLES:
     errno                                     3291       2       2       4   .common     
MODULE:                 -- VREGS.C.o (ansibf.lib) --
- PROCEDURES:
     L_NEGK                                    266A       7       7       2   NON_BANKED  
     L_PSHK                                    2671       8       8       1   NON_BANKED  
     UL_PULK                                   2679       3       3       1   NON_BANKED  
     SL_PULK                                   267C       A      10       1   NON_BANKED  
- VARIABLES:
MODULE:                 -- app.c.o --
- PROCEDURES:
     main                                     C8E2D      6F     111       2   .text       
     sysPowerEnable                           C8E9C       9       9       2   .text       
     sysPowerDisable                          C8EA5       9       9       2   .text       
- VARIABLES:
MODULE:                 -- atd.c.o --
- PROCEDURES:
     ATD_Init                                 C8EAE      1C      28       2   .text       
     Init_Atd_Paramter                        C8ECA      48      72       2   .text       
     average_data                             C8F12      30      48       2   .text       
     sort                                     C8F42      47      71       2   .text       
     set_atd_ch                               C8F89      28      40       2   .text       
     adc_convert                              C8FB1      7E     126       2   .text       
     atd_handle                               C902F      D2     210       4   .text       
- VARIABLES:
     atd_channel_id                            3100       1       1      10   .data       
     mnuich_atd                                3293      B0     176      85   .common     
     adc_temp                                  3343       4       4       3   .common     
     atd_delay_time                            3347       1       1       3   .common     
MODULE:                 -- can.c.o --
- PROCEDURES:
     Mscan_Initial                            C9101      79     121       2   .text       
     Can_Par_Init                             C917A      9E     158       2   .text       
     Get_Idle_Sendbuf_Num                     C9218      26      38       2   .text       
     Can_Tx_Frame                             C923E      B1     177      21   .text       
     CAN_SearchSpecificFault                  C92EF      3A      58      10   .text       
     CAN_FaultNumStats                        C9329      2A      42       2   .text       
     CAN_FaultProcess                         CB000     230     560      20   PAGE_0C_B000_344
     CAN_GPSWarningProc                       CB230      7B     123       2   PAGE_0C_B000_344
     CAN_RecvDataProcess                      CB2AB     6B8    1720      64   PAGE_0C_B000_344
     CAN_TaskProcess                          CB963     1DA     474       2   PAGE_0C_B000_344
     mscan_rx_isr                              2686      44      68       1   NON_BANKED  
- VARIABLES:
     CAN_WorkingTimePGN                        C025       3       3       3   .rodata     
     Can_OilUsagePGN                           C028       3       3       1   .rodata     
     CAN_DeviceInfoBuffer                      C02B       8       8       3   .rodata     
     CAN_EngineSpeedRecvTimeout                3101       2       2       6   .data       
     CAN_CoolingLiquidTempRecvTimeout          3103       2       2       6   .data       
     CAN_UreaLevelRecvTimeout                  3105       2       2       6   .data       
     EN_YC_Urea_Function                       3107       1       1       3   .data       
     firstRecv51DaysWarningFlag.3              3108       1       1       3   .data       
     firstRecv58DaysWarningFlag.4              3109       1       1       3   .data       
     CAN_PostprocessingState                   3164       5       5      18   .bss        
     CAN_PostprocessingState_YC                3169       4       4      12   .bss        
     CAN_ReqWorkingTimeCnt                     316D       2       2       4   .bss        
     CAN_RecvEngineHourReqAckFlag              316F       1       1       3   .bss        
     CAN_RecvEngineHourReqAckTimeout           3170       2       2       3   .bss        
     CAN_ReqOilCnt                             3172       2       2       4   .bss        
     CAN_AlarmFlag                             3174       4       4       3   .bss        
     TYPE_of_Engine                            3178       2       2      11   .bss        
     NoconversionUreaLevel                     317A       1       1       3   .bss        
     fuel_test                                 317B       4       4       2   .bss        
     _Vector_38                                FFB2       2       2       0   .abs_section_ffb2
     ucCanRece                                 3348     258     600      25   .common     
     data_rec_point                            35A0       1       1       6   .common     
     data_deal_point                           35A1       1       1       6   .common     
     CAN_FaultRecordBuffer                     35A2     14A     330      54   .common     
     CAN_FaultBitMap                           36EC       4       4      26   .common     
     CAN_SingleFault                           36F0       A      10      26   .common     
     can_data                                  36FA      A4     164     181   .common     
     ucCanSend0                                379E       8       8      13   .common     
     ucCanSend1                                37A6       8       8       8   .common     
     CAN_UreaLevelBuffer                       37AE       8       8       2   .common     
     can_task                                  37B6      17      23      41   .common     
MODULE:                 -- cpu.c.o --
- PROCEDURES:
     Cofigure_Cpu_Clk                         CBB3D      3C      60       2   PAGE_0C_B000_344
- VARIABLES:
MODULE:                 -- datapage.c.o --
- PROCEDURES:
     _LOAD_FAR_8                               26CA       B      11       4   NON_BANKED  
- VARIABLES:
MODULE:                 -- digital.c.o --
- PROCEDURES:
     Config_Ditigal_Io                        CBB79      11      17       2   PAGE_0C_B000_344
     Data_In                                  CBB8A      42      66       2   PAGE_0C_B000_344
     Digital_Drive                            CBBCC     134     308       2   PAGE_0C_B000_344
- VARIABLES:
     firstReadFlag.1                           310A       1       1       2   .data       
     digital_status                            37CD       D      13      73   .common     
MODULE:                 -- flash.c.o --
- PROCEDURES:
     FLASH_Init                               CBD00      13      19       2   PAGE_0C_B000_344
- VARIABLES:
MODULE:                 -- lcd.c.o --
- PROCEDURES:
     LCD_GPIOInit                             CBD13       B      11       2   PAGE_0C_B000_344
     LCD_Config                               CBD1E      C1     193       2   PAGE_0C_B000_344
     LCD_WriteCmd                             CBDDF       F      15      86   PAGE_0C_B000_344
     LCD_WriteData                            CBDEE       F      15      18   PAGE_0C_B000_344
     LCD_InterfaceEnable                      CBDFD       7       7       2   PAGE_0C_B000_344
     LCD_SetPageAddr                          CBE04       F      15      18   PAGE_0C_B000_344
     LCD_SetColumnAddr                        CBE13      17      23      18   PAGE_0C_B000_344
     LCD_PowerControl                         CBE2A      62      98       2   PAGE_0C_B000_344
     LCD_HardwareReset                        CBE8C      15      21       2   PAGE_0C_B000_344
     LCD_OscillatorOn                         CBEA1       7       7       2   PAGE_0C_B000_344
     LCD_SetStartLine                         CBEA8       F      15       2   PAGE_0C_B000_344
     LCD_SetCOM0                              CBEB7       F      15       2   PAGE_0C_B000_344
     LCD_SetDisplayLine                       CBEC6       F      15       2   PAGE_0C_B000_344
     LCD_BiasSelect                           CBED5      1D      29       2   PAGE_0C_B000_344
     LCD_SetBooster                           CBEF2      15      21       2   PAGE_0C_B000_344
     LCD_SetVop                               CBF07       F      15       2   PAGE_0C_B000_344
[...]
 |  |  |  |  |  
 |  |  |  |  +- _DSFLOAT            
 |  |  |  |  |  | 
 |  |  |  |  |  +- SL_PULK             
 |  |  |  |  |  |  | 
 |  |  |  |  |  |  +- L_NEGK               (see above)
 |  |  |  |  |  |     
 |  |  |  |  |  +- D_FRLONGK            (see above)
 |  |  |  |  |  |  
 |  |  |  |  |  +- D_PSHK_UNARY         (see above)
 |  |  |  |  |     
 |  |  |  |  +- pow                 
 |  |  |  |  |  | 
 |  |  |  |  |  +- is_special          
 |  |  |  |  |  |  | 
 |  |  |  |  |  |  +- _LCMP                (see above)
 |  |  |  |  |  |     
 |  |  |  |  |  +- _CASE_CHECKED_BYTE   (see above)
 |  |  |  |  |  |  
 |  |  |  |  |  +- fabs                
 |  |  |  |  |  |    
 |  |  |  |  |  +- _CASE_CHECKED        (see above)
 |  |  |  |  |  |  
 |  |  |  |  |  +- _DCMP                (see above)
 |  |  |  |  |  |  
 |  |  |  |  |  +- isint               
 |  |  |  |  |  |  | 
 |  |  |  |  |  |  +- modf                
 |  |  |  |  |  |  |  | 
 |  |  |  |  |  |  |  +- D_PULK               (see above)
 |  |  |  |  |  |  |  |  
 |  |  |  |  |  |  |  +- D_MODF              
 |  |  |  |  |  |  |  |  | 
 |  |  |  |  |  |  |  |  +- D_TKL               
 |  |  |  |  |  |  |  |  |    
 |  |  |  |  |  |  |  |  +- D_NORMK              (see above)
 |  |  |  |  |  |  |  |  |  
 |  |  |  |  |  |  |  |  +- D_CLRL              
 |  |  |  |  |  |  |  |  |    
 |  |  |  |  |  |  |  |  +- D_CLRK               (see above)
 |  |  |  |  |  |  |  |     
 |  |  |  |  |  |  |  +- D_STAL              
 |  |  |  |  |  |  |       
 |  |  |  |  |  |  +- _DSTRUNC             (see above)
 |  |  |  |  |  |  |  
 |  |  |  |  |  |  +- _COPY                (see above)
 |  |  |  |  |  |     
 |  |  |  |  |  +- _DNEG               
 |  |  |  |  |  |    
 |  |  |  |  |  +- pow_i               
 |  |  |  |  |  |  | 
 |  |  |  |  |  |  +- _COPY                (see above)
 |  |  |  |  |  |  |  
 |  |  |  |  |  |  +- _DDIV                (see above)
 |  |  |  |  |  |  |  
 |  |  |  |  |  |  +- _CASE_CHECKED_BYTE   (see above)
 |  |  |  |  |  |  |  
 |  |  |  |  |  |  +- _DMUL                (see above)
 |  |  |  |  |  |     
 |  |  |  |  |  +- log_r               
 |  |  |  |  |  |  | 
 |  |  |  |  |  |  +- frexp               
 |  |  |  |  |  |  |  | 
 |  |  |  |  |  |  |  +- D_PULK               (see above)
 |  |  |  |  |  |  |  |  
 |  |  |  |  |  |  |  +- D_FREXP             
 |  |  |  |  |  |  |  |  | 
 |  |  |  |  |  |  |  |  +- D_NORMK              (see above)
 |  |  |  |  |  |  |  |     
 |  |  |  |  |  |  |  +- D_STAL               (see above)
 |  |  |  |  |  |  |     
 |  |  |  |  |  |  +- _DCMP                (see above)
 |  |  |  |  |  |  |  
 |  |  |  |  |  |  +- _DADD                (see above)
 |  |  |  |  |  |  |  
 |  |  |  |  |  |  +- ldexp               
 |  |  |  |  |  |  |  | 
 |  |  |  |  |  |  |  +- D_PULK               (see above)
 |  |  |  |  |  |  |  |  
 |  |  |  |  |  |  |  +- D_LDEXP             
 |  |  |  |  |  |  |  |    
 |  |  |  |  |  |  |  +- D_STAL               (see above)
 |  |  |  |  |  |  |  |  
 |  |  |  |  |  |  |  +- RetErrDom           
 |  |  |  |  |  |  |       
 |  |  |  |  |  |  +- _DDIV                (see above)
 |  |  |  |  |  |  |  
 |  |  |  |  |  |  +- _DMUL                (see above)
 |  |  |  |  |  |  |  
 |  |  |  |  |  |  +- _ILSEXT              (see above)
 |  |  |  |  |  |  |  
 |  |  |  |  |  |  +- _DSFLOAT             (see above)
 |  |  |  |  |  |  |  
 |  |  |  |  |  |  +- _COPY                (see above)
 |  |  |  |  |  |     
 |  |  |  |  |  +- _DMUL                (see above)
 |  |  |  |  |  |  
 |  |  |  |  |  +- exp_r               
 |  |  |  |  |  |  | 
 |  |  |  |  |  |  +- _DCMP                (see above)
 |  |  |  |  |  |  |  
 |  |  |  |  |  |  +- fabs                 (see above)
 |  |  |  |  |  |  |  
 |  |  |  |  |  |  +- _COPY                (see above)
 |  |  |  |  |  |  |  
 |  |  |  |  |  |  +- copysign            
 |  |  |  |  |  |  |    
 |  |  |  |  |  |  +- _DMUL                (see above)
 |  |  |  |  |  |  |  
 |  |  |  |  |  |  +- _DADD                (see above)
 |  |  |  |  |  |  |  
 |  |  |  |  |  |  +- _DSTRUNC             (see above)
 |  |  |  |  |  |  |  
 |  |  |  |  |  |  +- _ILSEXT              (see above)
 |  |  |  |  |  |  |  
 |  |  |  |  |  |  +- _DSFLOAT             (see above)
 |  |  |  |  |  |  |  
 |  |  |  |  |  |  +- _DSUB                (see above)
 |  |  |  |  |  |  |  
 |  |  |  |  |  |  +- _DDIV                (see above)
 |  |  |  |  |  |  |  
 |  |  |  |  |  |  +- ldexp                (see above)
 |  |  |  |  |  |     
 |  |  |  |  |  +- _COPY                (see above)
 |  |  |  |  |     
 |  |  |  |  +- _LMODU              
 |  |  |  |  |  | 
 |  |  |  |  |  +- _lDivMod             (see above)
 |  |  |  |  |     
 |  |  |  |  +- _LDIVU               (see above)
 |  |  |  |  |  
 |  |  |  |  +- LCD_DisplayItem     
 |  |  |  |  |  | 
 |  |  |  |  |  +- LCD_SetPageAddr      (see above)
 |  |  |  |  |  |  
 |  |  |  |  |  +- LCD_SetColumnAddr    (see above)
 |  |  |  |  |  |  
 |  |  |  |  |  +- LCD_WriteData        (see above)
 |  |  |  |  |     
 |  |  |  |  +- _COPY                (see above)
 |  |  |  |     
 |  |  |  +- LCD_DisplayTemp     
 |  |  |  |  | 
 |  |  |  |  +- LCD_ClearItem        (see above)
 |  |  |  |  |  
 |  |  |  |  +- _DCMP                (see above)
 |  |  |  |  |  
 |  |  |  |  +- LCD_DisplayItem      (see above)
 |  |  |  |  |  
 |  |  |  |  +- _DADD                (see above)
 |  |  |  |  |  
 |  |  |  |  +- _DNEG                (see above)
 |  |  |  |  |  
 |  |  |  |  +- _DUTRUNC             (see above)
 |  |  |  |  |  
 |  |  |  |  +- _ILSEXT              (see above)
 |  |  |  |  |  
 |  |  |  |  +- _DSFLOAT             (see above)
 |  |  |  |  |  
 |  |  |  |  +- pow                  (see above)
 |  |  |  |  |  
 |  |  |  |  +- _LMODU               (see above)
 |  |  |  |  |  
 |  |  |  |  +- _LDIVU               (see above)
 |  |  |  |  |  
 |  |  |  |  +- _COPY                (see above)
 |  |  |  |     
 |  |  |  +- LCD_ClearScreen      (see above)
 |  |  |  |  
 |  |  |  +- LCD_DisplayVehicleSpeed
 |  |  |  |  | 
 |  |  |  |  +- _ILSEXT              (see above)
 |  |  |  |  |  
 |  |  |  |  +- _DSFLOAT             (see above)
 |  |  |  |  |  
 |  |  |  |  +- pow                  (see above)
 |  |  |  |  |  
 |  |  |  |  +- _DUTRUNC             (see above)
 |  |  |  |  |  
 |  |  |  |  +- _LMODU               (see above)
 |  |  |  |  |  
 |  |  |  |  +- _LDIVU               (see above)
 |  |  |  |  |  
 |  |  |  |  +- LCD_SetPageAddr      (see above)
 |  |  |  |  |  
 |  |  |  |  +- LCD_SetColumnAddr    (see above)
 |  |  |  |  |  
 |  |  |  |  +- _LOAD_FAR_8          (see above)
 |  |  |  |  |  
 |  |  |  |  +- LCD_WriteData        (see above)
 |  |  |  |  |  
 |  |  |  |  +- LCD_DisplayItem      (see above)
 |  |  |  |  |  
 |  |  |  |  +- LCD_DisplayItemX     (see above)
 |  |  |  |  |  
 |  |  |  |  +- _COPY                (see above)
 |  |  |  |     
 |  |  |  +- LCD_DisplayEngineSpeed
 |  |  |  |  | 
 |  |  |  |  +- _ILSEXT              (see above)
 |  |  |  |  |  
 |  |  |  |  +- _DSFLOAT             (see above)
 |  |  |  |  |  
 |  |  |  |  +- pow                  (see above)
 |  |  |  |  |  
 |  |  |  |  +- _DUTRUNC             (see above)
 |  |  |  |  |  
 |  |  |  |  +- _LMODU               (see above)
 |  |  |  |  |  
 |  |  |  |  +- _LDIVU               (see above)
 |  |  |  |  |  
 |  |  |  |  +- LCD_SetPageAddr      (see above)
 |  |  |  |  |  
 |  |  |  |  +- LCD_SetColumnAddr    (see above)
 |  |  |  |  |  
 |  |  |  |  +- _LOAD_FAR_8          (see above)
 |  |  |  |  |  
 |  |  |  |  +- LCD_WriteData        (see above)
 |  |  |  |  |  
 |  |  |  |  +- LCD_DisplayItem      (see above)
 |  |  |  |  |  
 |  |  |  |  +- LCD_DisplayItemX     (see above)
 |  |  |  |  |  
 |  |  |  |  +- _COPY                (see above)
 |  |  |  |     
 |  |  |  +- LCD_ClearItem        (see above)
 |  |  |  |  
 |  |  |  +- _DSUB                (see above)
 |  |  |  |  
 |  |  |  +- _DCMP                (see above)
 |  |  |  |  
 |  |  |  +- _DADD                (see above)
 |  |  |  |  
 |  |  |  +- _COPY                (see above)
 |  |  |  |  
 |  |  |  +- LCD_DisplayHourglass
 |  |  |  |  | 
 |  |  |  |  +- LCD_DisplayItem      (see above)
 |  |  |  |  |  
 |  |  |  |  +- LCD_ClearItem        (see above)
 |  |  |  |     
 |  |  |  +- LCD_CANFaultDisplay 
 |  |  |  |  | 
 |  |  |  |  +- _CASE_CHECKED_BYTE   (see above)
 |  |  |  |  |  
 |  |  |  |  +- memset               (see above)
 |  |  |  |  |  
 |  |  |  |  +- CAN_FaultNumStats   
 |  |  |  |  |    
 |  |  |  |  +- LCD_ClearItem        (see above)
 |  |  |  |  |  
 |  |  |  |  +- LCD_DisplaySpnFmi   
 |  |  |  |  |  | 
 |  |  |  |  |  +- LCD_DisplayItem      (see above)
 |  |  |  |  |  |  
 |  |  |  |  |  +- _ILSEXT              (see above)
 |  |  |  |  |  |  
 |  |  |  |  |  +- _DSFLOAT             (see above)
 |  |  |  |  |  |  
 |  |  |  |  |  +- pow                  (see above)
 |  |  |  |  |  |  
 |  |  |  |  |  +- _DUTRUNC             (see above)
 |  |  |  |  |  |  
 |  |  |  |  |  +- _LMODU               (see above)
 |  |  |  |  |  |  
 |  |  |  |  |  +- _LDIVU               (see above)
 |  |  |  |  |  |  
 |  |  |  |  |  +- _BDIVMODU           
 |  |  |  |  |  |    
 |  |  |  |  |  +- _COPY                (see above)
 |  |  |  |  |     
 |  |  |  |  +- LCD_DisplayWillLimitTorquePrompt
 |  |  |  |  |  | 
 |  |  |  |  |  +- LCD_DisplayItem      (see above)
 |  |  |  |  |     
 |  |  |  |  +- LCD_DisplayTorqueLimitedPrompt
 |  |  |  |  |  | 
 |  |  |  |  |  +- LCD_DisplayItem      (see above)
 |  |  |  |  |     
 |  |  |  |  +- LCD_DisplayWillLimitSpeedPrompt
 |  |  |  |  |  | 
 |  |  |  |  |  +- LCD_DisplayItem      (see above)
 |  |  |  |  |     
 |  |  |  |  +- LCD_DisplaySpeedLimitedPrompt
 |  |  |  |  |  | 
 |  |  |  |  |  +- LCD_DisplayItem      (see above)
 |  |  |  |  |     
 |  |  |  |  +- LCD_ShowTotalWorkTimeX
 |  |  |  |  |  | 
 |  |  |  |  |  +- LCD_DisplayHourglassX
 |  |  |  |  |  |  | 
 |  |  |  |  |  |  +- LCD_DisplayItemX     (see above)
 |  |  |  |  |  |  |  
 |  |  |  |  |  |  +- LCD_ClearItem        (see above)
 |  |  |  |  |  |     
 |  |  |  |  |  +- _ILSEXT              (see above)
 |  |  |  |  |  |  
 |  |  |  |  |  +- _DSFLOAT             (see above)
 |  |  |  |  |  |  
 |  |  |  |  |  +- pow                  (see above)
 |  |  |  |  |  |  
 |  |  |  |  |  +- _DUTRUNC             (see above)
 |  |  |  |  |  |  
 |  |  |  |  |  +- _LMODU               (see above)
 |  |  |  |  |  |  
 |  |  |  |  |  +- _LDIVU               (see above)
 |  |  |  |  |  |  
 |  |  |  |  |  +- LCD_DisplayItemX     (see above)
 |  |  |  |  |  |  
 |  |  |  |  |  +- _COPY                (see above)
 |  |  |  |  |     
 |  |  |  |  +- LCD_DisplayDTCWarningHeader
 |  |  |  |     | 
 |  |  |  |     +- LCD_DisplayItemX     (see above)
 |  |  |  |     |  
 |  |  |  |     +- LCD_DisplayLine     
 |  |  |  |     |  | 
 |  |  |  |     |  +- LCD_SetPageAddr      (see above)
 |  |  |  |     |  |  
 |  |  |  |     |  +- LCD_SetColumnAddr    (see above)
 |  |  |  |     |  |  
 |  |  |  |     |  +- LCD_WriteData        (see above)
 |  |  |  |     |     
 |  |  |  |     +- _ILSEXT              (see above)
 |  |  |  |     |  
 |  |  |  |     +- _DSFLOAT             (see above)
 |  |  |  |     |  
 |  |  |  |     +- pow                  (see above)
 |  |  |  |     |  
 |  |  |  |     +- _DUTRUNC             (see above)
 |  |  |  |     |  
 |  |  |  |     +- _LMODU               (see above)
 |  |  |  |     |  
 |  |  |  |     +- _LDIVU               (see above)
 |  |  |  |     |  
 |  |  |  |     +- _COPY                (see above)
 |  |  |  |        
 |  |  |  +- LCD_DisplayWarningHeader
 |  |  |  |  | 
 |  |  |  |  +- LCD_DisplayItem      (see above)
 |  |  |  |  |  
 |  |  |  |  +- LCD_DisplayLine      (see above)
 |  |  |  |     
 |  |  |  +- _CASE_CHECKED_BYTE   (see above)
 |  |  |  |  
 |  |  |  +- LCD_DisplayCommErrorPrompt
 |  |  |  |  | 
 |  |  |  |  +- LCD_DisplayItem      (see above)
 |  |  |  |     
 |  |  |  +- LCD_DisplayMoveToSafePlacePrompt
 |  |  |  |  | 
 |  |  |  |  +- LCD_DisplayItem      (see above)
 |  |  |  |     
 |  |  |  +- LCD_DisplayCanNotStartPrompt
 |  |  |  |  | 
 |  |  |  |  +- LCD_DisplayItem      (see above)
 |  |  |  |     
 |  |  |  +- LCD_DisplayGPRSNoSignalPrompt
 |  |  |  |  | 
 |  |  |  |  +- LCD_DisplayItem      (see above)
 |  |  |  |  |  
 |  |  |  |  +- _BDIVMODU            (see above)
 |  |  |  |     
 |  |  |  +- LCD_DisplayCanNotStartOnceStopPrompt
 |  |  |  |  | 
 |  |  |  |  +- LCD_DisplayItem      (see above)
 |  |  |  |     
 |  |  |  +- LCD_DisplayMoveToGoodSignalPlacePrompt
 |  |  |  |  | 
 |  |  |  |  +- LCD_DisplayItem      (see above)
 |  |  |  |     
 |  |  |  +- LCD_ShowTotalWorkTime
 |  |  |  |  | 
 |  |  |  |  +- LCD_DisplayHourglass (see above)
 |  |  |  |  |  
 |  |  |  |  +- _ILSEXT              (see above)
 |  |  |  |  |  
 |  |  |  |  +- _DSFLOAT             (see above)
 |  |  |  |  |  
 |  |  |  |  +- pow                  (see above)
 |  |  |  |  |  
 |  |  |  |  +- _DUTRUNC             (see above)
 |  |  |  |  |  
 |  |  |  |  +- _LMODU               (see above)
 |  |  |  |  |  
 |  |  |  |  +- _LDIVU               (see above)
 |  |  |  |  |  
 |  |  |  |  +- LCD_DisplayItem      (see above)
 |  |  |  |  |  
 |  |  |  |  +- _COPY                (see above)
 |  |  |  |     
 |  |  |  +- LCD_DisplayEngineSpeedOnly
 |  |  |  |  | 
 |  |  |  |  +- _ILSEXT              (see above)
 |  |  |  |  |  
 |  |  |  |  +- _DSFLOAT             (see above)
 |  |  |  |  |  
 |  |  |  |  +- pow                  (see above)
 |  |  |  |  |  
 |  |  |  |  +- _DUTRUNC             (see above)
 |  |  |  |  |  
 |  |  |  |  +- _LMODU               (see above)
 |  |  |  |  |  
 |  |  |  |  +- _LDIVU               (see above)
 |  |  |  |  |  
 |  |  |  |  +- LCD_SetPageAddr      (see above)
 |  |  |  |  |  
 |  |  |  |  +- LCD_SetColumnAddr    (see above)
 |  |  |  |  |  
 |  |  |  |  +- _LOAD_FAR_8          (see above)
 |  |  |  |  |  
 |  |  |  |  +- LCD_WriteData        (see above)
 |  |  |  |  |  
 |  |  |  |  +- LCD_DisplayItem      (see above)
 |  |  |  |  |  
 |  |  |  |  +- LCD_DisplayItemX     (see above)
 |  |  |  |  |  
 |  |  |  |  +- _COPY                (see above)
 |  |  |  |     
 |  |  |  +- LCD_DisplayLine      (see above)
 |  |  |  |  
 |  |  |  +- LCD_Display_REGENERATE_DESCRIPTION
 |  |  |     | 
 |  |  |     +- LCD_ClearItem        (see above)
 |  |  |     |  
 |  |  |     +- _CASE_CHECKED_BYTE   (see above)
 |  |  |     |  
 |  |  |     +- LCD_Display_NEED_TAKE_REGENERATE
 |  |  |     |  | 
 |  |  |     |  +- LCD_DisplayItem      (see above)
 |  |  |     |     
 |  |  |     +- LCD_Display_NEED_RIGHT_REGENERATE
 |  |  |     |  | 
 |  |  |     |  +- LCD_DisplayItem      (see above)
 |  |  |     |     
 |  |  |     +- LCD_Display_NEED_SERVER_REGENERATE
 |  |  |     |  | 
 |  |  |     |  +- LCD_DisplayItem      (see above)
 |  |  |     |     
 |  |  |     +- LCD_Display_TAKEING_REGENERATE
 |  |  |        | 
 |  |  |        +- LCD_DisplayItem      (see above)
 |  |  |           
 |  |  +- Speed_handle        
 |  |  |  | 
 |  |  |  +- _LDIVU               (see above)
 |  |  |  |  
 |  |  |  +- Algo_ValueChangeCheck (see above)
 |  |  |  |  
 |  |  |  +- tachometerPointerAngleCalculate
 |  |  |     | 
 |  |  |     +- _LMULU16x32          (see above)
 |  |  |     |  
 |  |  |     +- _DUFLOAT             (see above)
 |  |  |     |  
 |  |  |     +- _DDIV                (see above)
 |  |  |     |  
 |  |  |     +- _DUTRUNC             (see above)
 |  |  |        
 |  |  +- Engine_CheckState   
 |  |  |    
 |  |  +- Engine_CoolingLiquidTempProcess
 |  |  |  | 
 |  |  |  +- _ILSEXT              (see above)
 |  |  |  |  
 |  |  |  +- _DSFLOAT             (see above)
 |  |  |  |  
 |  |  |  +- _DUFLOAT             (see above)
 |  |  |  |  
 |  |  |  +- _DDIV                (see above)
 |  |  |  |  
 |  |  |  +- _COPY                (see above)
 |  |  |  |  
 |  |  |  +- _DMUL                (see above)
 |  |  |  |  
 |  |  |  +- _DADD                (see above)
 |  |  |  |  
 |  |  |  +- _DUTRUNC             (see above)
 |  |  |     
 |  |  +- Engine_UreaLevelProcess
 |  |     | 
 |  |     +- _ILSEXT              (see above)
 |  |     |  
 |  |     +- _DSFLOAT             (see above)
 |  |     |  
 |  |     +- _DDIV                (see above)
 |  |     |  
 |  |     +- _COPY                (see above)
 |  |     |  
 |  |     +- _DMUL                (see above)
 |  |     |  
 |  |     +- _DUFLOAT             (see above)
 |  |     |  
 |  |     +- _DADD                (see above)
 |  |     |  
 |  |     +- _DUTRUNC             (see above)
 |  |        
 |  +- CAN_TaskProcess     
 |     | 
 |     +- CAN_RecvDataProcess 
 |     |  | 
 |     |  +- _BSHRU               (see above)
 |     |  |  
 |     |  +- _LSHRU               (see above)
 |     |  |  
 |     |  +- _LCMP                (see above)
 |     |  |  
 |     |  +- _LMULU16x32          (see above)
 |     |  |  
 |     |  +- _LDIVU               (see above)
 |     |  |  
 |     |  +- _DUFLOAT             (see above)
 |     |  |  
 |     |  +- _DMUL                (see above)
 |     |  |  
 |     |  +- _DUTRUNC             (see above)
 |     |  |  
 |     |  +- _DADD                (see above)
 |     |  |  
 |     |  +- CAN_FaultProcess    
 |     |     | 
 |     |     +- _CASE_CHECKED        (see above)
 |     |     |  
 |     |     +- CAN_SearchSpecificFault
 |     |     |    
 |     |     +- _LSHL                (see above)
 |     |     |  
 |     |     +- _LCOM                (see above)
 |     |        
 |     +- CAN_FaultProcess     (see above)
 |     |  
 |     +- CAN_GPSWarningProc  
 |     |  | 
 |     |  +- _CASE_SEARCH_8_BYTE 
 |     |       
 |     +- CAN_SearchSpecificFault (see above)
 |     |  
 |     +- Can_Tx_Frame         (see above)
 |     |  
 |     +- _DUFLOAT             (see above)
 |     |  
 |     +- _DDIV                (see above)
 |     |  
 |     +- _DADD                (see above)
 |     |  
 |     +- _DUTRUNC             (see above)
 |        
 +- _Startup            
    | 
    +- Init                
    |    
    +- main                 (see above)
       
 _Vector_38          
 | 
 +- mscan_rx_isr        
      
 _Vector_8           
 | 
 +- _isr_M0__IOC_0_Interrupt
    | 
    +- Motor_Scheduler     
       | 
       +- _LCMP_P              (see above)
       |  
       +- Drive_Pwm           
          | 
          +- _CASE_CHECKED_BYTE   (see above)
          |  
          +- _LDEC               
          |    
          +- _LINC                (see above)
          |  
          +- _LMODU               (see above)
             
 _Vector_10          
 | 
 +- _isr_M1__IOC_1_Interrupt
    | 
    +- Motor_Scheduler      (see above)
       
 _Vector_40          
 | 
 +- _isr_M2__IOC_0_Interrupt
    | 
    +- Motor_Scheduler      (see above)
       
 _Vector_42          
 | 
 +- _isr_M3__IOC_1_Interrupt
    | 
    +- Motor_Scheduler      (see above)
       
 _Vector_13          
 | 
 +- _isr_M4__IOC_1_Interrupt
    | 
    +- Motor_Scheduler      (see above)
       
 _Vector_46          
 | 
 +- _isr_pulse_input_Interrupt
    | 
    +- Pulse_PeriodCalculate (see above)
       
 _Vector_48          
 | 
 +- time_overflow_Interrupt
      
 _Vector_12          
 | 
 +- _isr_SystemTick_Interrupt
    | 
    +- _LINC                (see above)
    |  
    +- _LDEC                (see above)
       
 _Vector_20          
 | 
 +- _isr_uart_Interrupt 
    | 
    +- _BDIVMODU            (see above)
       
*********************************************************************************************
STATISTIC SECTION
---------------------------------------------------------------------------------------------

ExeFile:
--------
Number of blocks to be downloaded: 21
Total size of all blocks to be downloaded: 33666

